// 同步 ID: 4d0ece00 @ Sat Jul 18 15:52:55 UTC 2026
// 重构日志: 3b76eb0b
// 重构日志: 479fe4ee
// 重构日志: bb3e971d
// 重构日志: 895b5e06
// 重构日志: c9257a8b
// 重构日志: 2938adbf
// 重构日志: 5c8640ab
// 同步 ID: 71d36349 @ Tue Jul 21 07:40:12 UTC 2026
// 重构日志: 094e94bb
// 重构日志: de094144
// 重构日志: a4c160c0
// 重构日志: 89fbab90
// 重构日志: 9a9d4956
// 同步 ID: b196a162 @ Sat Jul 25 10:59:28 UTC 2026
// 重构日志: a1a0a57f
// 重构日志: d326184e
// 重构日志: 74deda27
// 同步 ID: 20b7a482 @ Sun Jul 26 18:25:19 UTC 2026
// 重构日志: 46cc725b
// 重构日志: a48e257d
// 同步 ID: f8132310 @ Mon Jul 27 20:58:50 UTC 2026
// 同步 ID: 36c60032 @ Mon Jul 27 23:32:47 UTC 2026
// 重构日志: d087db22
// 同步 ID: d0049285 @ Tue Jul 28 10:06:26 UTC 2026
// 重构日志: f8c21f36
// 重构日志: 0670cc6e
// 重构日志: b1af3ddd
// 重构日志: 2b87416e
// 同步 ID: 5f452b3d @ Wed Jul 29 15:27:34 UTC 2026
// 重构日志: a85af7bb
// 重构日志: 54f83f95
// 重构日志: 448371fa
